core_cm4.h:1939:34:__NVIC_SystemReset	4	static,ignoring_inline_asm
main.c:189:6:HAL_UART_TxCpltCallback	16	static
main.c:207:6:HAL_UART_RxCpltCallback	16	static
main.c:232:6:HAL_ADC_ConvCpltCallback	16	static
main.c:280:5:main	368	static
main.c:460:6:SystemClock_Config	88	static
main.c:509:13:MX_ADC1_Init	24	static
main.c:579:13:MX_I2C1_Init	8	static
main.c:613:13:MX_IWDG_Init	8	static
main.c:641:13:MX_RTC_Init	32	static
main.c:706:13:MX_SPI2_Init	8	static
main.c:744:13:MX_TIM2_Init	32	static
main.c:789:13:MX_USART3_UART_Init	8	static
main.c:822:13:MX_USART6_UART_Init	8	static
main.c:853:13:MX_DMA_Init	16	static
main.c:884:13:MX_GPIO_Init	64	static
main.c:1034:6:Callback_AT_Timer	16	static
main.c:1042:6:Callback_Ring_Center_Timer	16	static
main.c:1061:6:StartDefaultTask	16	static
main.c:1089:6:HAL_TIM_PeriodElapsedCallback	16	static
main.c:1113:6:Error_Handler	8	static
