stm32f4xx_it.c:78:6:NMI_Handler	4	static
stm32f4xx_it.c:93:6:HardFault_Handler	4	static
stm32f4xx_it.c:108:6:MemManage_Handler	4	static
stm32f4xx_it.c:123:6:BusFault_Handler	4	static
stm32f4xx_it.c:138:6:UsageFault_Handler	4	static
stm32f4xx_it.c:153:6:DebugMon_Handler	4	static
stm32f4xx_it.c:173:6:DMA1_Stream1_IRQHandler	8	static
stm32f4xx_it.c:187:6:DMA1_Stream3_IRQHandler	8	static
stm32f4xx_it.c:201:6:TIM1_UP_TIM10_IRQHandler	8	static
stm32f4xx_it.c:215:6:TIM2_IRQHandler	8	static
stm32f4xx_it.c:229:6:USART3_IRQHandler	8	static
stm32f4xx_it.c:243:6:DMA2_Stream0_IRQHandler	8	static
stm32f4xx_it.c:257:6:DMA2_Stream1_IRQHandler	8	static
stm32f4xx_it.c:271:6:DMA2_Stream6_IRQHandler	8	static
stm32f4xx_it.c:285:6:USART6_IRQHandler	8	static
